// Jest Snapshot v1, https://goo.gl/fbAQLP

exports[`SnapshotTest Тест снимками 1`] = `
<div>
  <h1>
    Snapshot test!!!
  </h1>
</div>
`;
